[demo.templatepath.com/wedding_new/wedding-html/jasmine/version-2/index.html]
[backblue.gif]
[fade.gif]
[index.html]
[demo.templatepath.com/wedding_new/wedding-html/jasmine/version-2/favicon.ico]
[demo.templatepath.com/wedding_new/wedding-html/jasmine/version-2/css/bootstrap.min.css]
[demo.templatepath.com/wedding_new/wedding-html/jasmine/version-2/style.css]
[demo.templatepath.com/wedding_new/wedding-html/jasmine/version-2/css/color-variation.css]
[demo.templatepath.com/wedding_new/wedding-html/jasmine/version-2/images/logo/side-nav-logo.png]
[demo.templatepath.com/wedding_new/wedding-html/jasmine/version-2/blog.html]
[demo.templatepath.com/wedding_new/wedding-html/jasmine/version-2/single-post.html]
[demo.templatepath.com/wedding_new/wedding-html/jasmine/version-2/images/bride-groom/groom.png]
[demo.templatepath.com/wedding_new/wedding-html/jasmine/version-2/images/bride-groom/bride.png]
[demo.templatepath.com/wedding_new/wedding-html/jasmine/version-2/images/our-love-line/1.png]
[demo.templatepath.com/wedding_new/wedding-html/jasmine/version-2/images/our-love-line/2.png]
[demo.templatepath.com/wedding_new/wedding-html/jasmine/version-2/images/our-love-line/3.png]
[demo.templatepath.com/wedding_new/wedding-html/jasmine/version-2/images/our-love-line/4.png]
[demo.templatepath.com/wedding_new/wedding-html/jasmine/version-2/images/resources/friends.jpg]
[demo.templatepath.com/wedding_new/wedding-html/jasmine/version-2/images/close-person-image/top-1.jpg]
[demo.templatepath.com/wedding_new/wedding-html/jasmine/version-2/images/close-person-image/top-2.jpg]
[demo.templatepath.com/wedding_new/wedding-html/jasmine/version-2/images/close-person-image/1.jpg]
[demo.templatepath.com/wedding_new/wedding-html/jasmine/version-2/images/close-person-image/2.jpg]
[demo.templatepath.com/wedding_new/wedding-html/jasmine/version-2/images/close-person-image/3.jpg]
[demo.templatepath.com/wedding_new/wedding-html/jasmine/version-2/images/close-person-image/4.jpg]
[demo.templatepath.com/wedding_new/wedding-html/jasmine/version-2/images/close-person-image/5.jpg]
[demo.templatepath.com/wedding_new/wedding-html/jasmine/version-2/images/close-person-image/6.jpg]
[demo.templatepath.com/wedding_new/wedding-html/jasmine/version-2/images/close-person-image/7.jpg]
[demo.templatepath.com/wedding_new/wedding-html/jasmine/version-2/images/close-person-image/8.jpg]
[demo.templatepath.com/wedding_new/wedding-html/jasmine/version-2/images/close-person-image/9.jpg]
[demo.templatepath.com/wedding_new/wedding-html/jasmine/version-2/images/close-person-image/10.jpg]
[demo.templatepath.com/wedding_new/wedding-html/jasmine/version-2/images/single-event/1.jpg]
[demo.templatepath.com/wedding_new/wedding-html/jasmine/version-2/images/single-event/2.jpg]
[demo.templatepath.com/wedding_new/wedding-html/jasmine/version-2/images/single-event/3.jpg]
[demo.templatepath.com/wedding_new/wedding-html/jasmine/version-2/images/gift-image/1.png]
[demo.templatepath.com/wedding_new/wedding-html/jasmine/version-2/images/gift-image/2.png]
[demo.templatepath.com/wedding_new/wedding-html/jasmine/version-2/images/gift-image/3.png]
[demo.templatepath.com/wedding_new/wedding-html/jasmine/version-2/images/blog-image/1.jpg]
[demo.templatepath.com/wedding_new/wedding-html/jasmine/version-2/images/blog-image/2.jpg]
[demo.templatepath.com/wedding_new/wedding-html/jasmine/version-2/images/blog-image/3.jpg]
[demo.templatepath.com/wedding_new/wedding-html/jasmine/version-2/images/blog-image/4.jpg]
[demo.templatepath.com/wedding_new/wedding-html/jasmine/version-2/images/blog-image/5.jpg]
[demo.templatepath.com/wedding_new/wedding-html/jasmine/version-2/images/blog-image/6.jpg]
[demo.templatepath.com/wedding_new/wedding-html/jasmine/version-2/images/gallery/image-1.jpg]
[demo.templatepath.com/wedding_new/wedding-html/jasmine/version-2/images/gallery/thumbnails/image-1.jpg]
[demo.templatepath.com/wedding_new/wedding-html/jasmine/version-2/images/gallery/image-2.jpg]
[demo.templatepath.com/wedding_new/wedding-html/jasmine/version-2/images/gallery/thumbnails/image-2.jpg]
[demo.templatepath.com/wedding_new/wedding-html/jasmine/version-2/images/gallery/image-3.jpg]
[demo.templatepath.com/wedding_new/wedding-html/jasmine/version-2/images/gallery/thumbnails/image-3.jpg]
[demo.templatepath.com/wedding_new/wedding-html/jasmine/version-2/images/gallery/image-4.jpg]
[demo.templatepath.com/wedding_new/wedding-html/jasmine/version-2/images/gallery/thumbnails/image-4.jpg]
[demo.templatepath.com/wedding_new/wedding-html/jasmine/version-2/images/gallery/image-5.jpg]
[demo.templatepath.com/wedding_new/wedding-html/jasmine/version-2/images/gallery/thumbnails/image-5.jpg]
[demo.templatepath.com/wedding_new/wedding-html/jasmine/version-2/images/gallery/image-6.jpg]
[demo.templatepath.com/wedding_new/wedding-html/jasmine/version-2/images/gallery/thumbnails/image-6.jpg]
[demo.templatepath.com/wedding_new/wedding-html/jasmine/version-2/images/logo/footer-logo.png]
[demo.templatepath.com/wedding_new/wedding-html/jasmine/version-2/js/jquery-2.1.3.min.js]
[demo.templatepath.com/wedding_new/wedding-html/jasmine/version-2/js/bootstrap.min.js]
[demo.templatepath.com/wedding_new/wedding-html/jasmine/version-2/js/countdown.js]
[demo.templatepath.com/wedding_new/wedding-html/jasmine/version-2/js/jquery.prettyPhoto.js]
[demo.templatepath.com/wedding_new/wedding-html/jasmine/version-2/js/gmaps.js]
[demo.templatepath.com/wedding_new/wedding-html/jasmine/version-2/js/wow.min.js]
[demo.templatepath.com/wedding_new/wedding-html/jasmine/version-2/js/custom.js]
[demo.templatepath.com/wedding_new/wedding-html/jasmine/version-2/index.html]
[demo.templatepath.com/wedding_new/wedding-html/jasmine/version-2/favicon.html]
[demo.templatepath.com/wedding_new/wedding-html/jasmine/version-2/js/custom-home.js]
[demo.templatepath.com/wedding_new/wedding-html/jasmine/version-2/fonts/glyphicons-halflings-regular.eot]
[demo.templatepath.com/wedding_new/wedding-html/jasmine/version-2/fonts/glyphicons-halflings-regular.woff2]
[demo.templatepath.com/wedding_new/wedding-html/jasmine/version-2/fonts/glyphicons-halflings-regular.woff]
[demo.templatepath.com/wedding_new/wedding-html/jasmine/version-2/fonts/glyphicons-halflings-regular.ttf]
[demo.templatepath.com/wedding_new/wedding-html/jasmine/version-2/fonts/glyphicons-halflings-regulard41d.eot]
[demo.templatepath.com/wedding_new/wedding-html/jasmine/version-2/css/bootstrap.min.css]
[demo.templatepath.com/wedding_new/wedding-html/jasmine/version-2/fonts/glyphicons-halflings-regular.svg]
[demo.templatepath.com/wedding_new/wedding-html/jasmine/version-2/css/font-awesome.min.css]
[demo.templatepath.com/wedding_new/wedding-html/jasmine/version-2/css/animate.css]
[demo.templatepath.com/wedding_new/wedding-html/jasmine/version-2/css/prettyPhoto.css]
[demo.templatepath.com/wedding_new/wedding-html/jasmine/version-2/images/preloader.gif]
[demo.templatepath.com/wedding_new/wedding-html/jasmine/version-2/images/section-title-bg.png]
[demo.templatepath.com/wedding_new/wedding-html/jasmine/version-2/images/curv-white.png]
[demo.templatepath.com/wedding_new/wedding-html/jasmine/version-2/images/curv-gray.png]
[demo.templatepath.com/wedding_new/wedding-html/jasmine/version-2/images/curv-gray-2.png]
[demo.templatepath.com/wedding_new/wedding-html/jasmine/version-2/images/background-image/header-bg.jpg]
[demo.templatepath.com/wedding_new/wedding-html/jasmine/version-2/images/header-featured-bg.png]
[demo.templatepath.com/wedding_new/wedding-html/jasmine/version-2/images/resources/side-nav-closer.png]
[demo.templatepath.com/wedding_new/wedding-html/jasmine/version-2/images/bride-groom/bg-1.png]
[demo.templatepath.com/wedding_new/wedding-html/jasmine/version-2/images/bride-groom/bg-2.png]
[demo.templatepath.com/wedding_new/wedding-html/jasmine/version-2/images/social-bg.png]
[demo.templatepath.com/wedding_new/wedding-html/jasmine/version-2/images/social-bg-hover.png]
[demo.templatepath.com/wedding_new/wedding-html/jasmine/version-2/images/background-image/countdown-bg.jpg]
[demo.templatepath.com/wedding_new/wedding-html/jasmine/version-2/images/our-love-line/bg-1.png]
[demo.templatepath.com/wedding_new/wedding-html/jasmine/version-2/images/our-love-line/bg-2.png]
[demo.templatepath.com/wedding_new/wedding-html/jasmine/version-2/images/background-image/friends-says-bg.jpg]
[demo.templatepath.com/wedding_new/wedding-html/jasmine/version-2/images/friends-says-name-border.png]
[demo.templatepath.com/wedding_new/wedding-html/jasmine/version-2/images/close-person-image/bottom-title-shadow.png]
[demo.templatepath.com/wedding_new/wedding-html/jasmine/version-2/images/close_person_bottom-bg.png]
[demo.templatepath.com/wedding_new/wedding-html/jasmine/version-2/images/background-image/rsvp-bg.jpg]
[demo.templatepath.com/wedding_new/wedding-html/jasmine/version-2/images/background-image/gift_registry_bg.jpg]
[demo.templatepath.com/wedding_new/wedding-html/jasmine/version-2/images/blog-image/bg.png]
[demo.templatepath.com/wedding_new/wedding-html/jasmine/version-2/images/background-image/qoute_bg.jpg]
[demo.templatepath.com/wedding_new/wedding-html/jasmine/version-2/images/our-love-story-divider.png]
[demo.templatepath.com/wedding_new/wedding-html/jasmine/version-2/images/curv-gray-footer.png]
[demo.templatepath.com/wedding_new/wedding-html/jasmine/version-2/images/background-image/blog-featured-bg.jpg]
[demo.templatepath.com/wedding_new/wedding-html/jasmine/version-2/images/curv-blog-white.png]
[demo.templatepath.com/wedding_new/wedding-html/jasmine/version-2/images/single-post-image/blog-content-image.jpg]
[demo.templatepath.com/wedding_new/wedding-html/jasmine/version-2/style.css]
[demo.templatepath.com/wedding_new/wedding-html/jasmine/version-2/css/color-variation.css]
[demo.templatepath.com/wedding_new/wedding-html/jasmine/version-2/blog.html]
[demo.templatepath.com/wedding_new/wedding-html/jasmine/version-2/images/single-post-image/blog-author.jpg]
[demo.templatepath.com/wedding_new/wedding-html/jasmine/version-2/single-post.html]
[demo.templatepath.com/wedding_new/wedding-html/jasmine/version-2/fonts/glyphicons-halflings-regular.svg]
[demo.templatepath.com/wedding_new/wedding-html/jasmine/version-2/fonts/fontawesome-webfonte0a5.eot]
[demo.templatepath.com/wedding_new/wedding-html/jasmine/version-2/fonts/fontawesome-webfonte0a5.woff2]
[demo.templatepath.com/wedding_new/wedding-html/jasmine/version-2/fonts/fontawesome-webfontd41d.eot]
[demo.templatepath.com/wedding_new/wedding-html/jasmine/version-2/fonts/fontawesome-webfonte0a5.woff]
[demo.templatepath.com/wedding_new/wedding-html/jasmine/version-2/fonts/fontawesome-webfonte0a5.ttf]
[demo.templatepath.com/wedding_new/wedding-html/jasmine/version-2/fonts/fontawesome-webfonte0a5.svg]
[demo.templatepath.com/wedding_new/wedding-html/jasmine/version-2/css/font-awesome.min.css]
[demo.templatepath.com/wedding_new/wedding-html/jasmine/version-2/css/animate.css]
[demo.templatepath.com/wedding_new/wedding-html/jasmine/version-2/images/prettyPhoto/default/sprite.png]
[demo.templatepath.com/wedding_new/wedding-html/jasmine/version-2/images/prettyPhoto/default/sprite_x.png]
[demo.templatepath.com/wedding_new/wedding-html/jasmine/version-2/images/prettyPhoto/default/sprite_y.png]
[demo.templatepath.com/wedding_new/wedding-html/jasmine/version-2/images/prettyPhoto/default/sprite_next.png]
[demo.templatepath.com/wedding_new/wedding-html/jasmine/version-2/images/prettyPhoto/default/sprite_prev.png]
[demo.templatepath.com/wedding_new/wedding-html/jasmine/version-2/images/prettyPhoto/default/default_thumb.png]
[demo.templatepath.com/wedding_new/wedding-html/jasmine/version-2/images/prettyPhoto/default/loader.gif]
[demo.templatepath.com/wedding_new/wedding-html/jasmine/version-2/images/prettyPhoto/light_rounded/sprite.png]
[demo.templatepath.com/wedding_new/wedding-html/jasmine/version-2/images/prettyPhoto/light_rounded/btnNext.png]
[demo.templatepath.com/wedding_new/wedding-html/jasmine/version-2/images/prettyPhoto/light_rounded/btnPrevious.png]
[demo.templatepath.com/wedding_new/wedding-html/jasmine/version-2/images/prettyPhoto/dark_rounded/sprite.png]
[demo.templatepath.com/wedding_new/wedding-html/jasmine/version-2/images/prettyPhoto/dark_rounded/contentPattern.png]
[demo.templatepath.com/wedding_new/wedding-html/jasmine/version-2/images/prettyPhoto/dark_rounded/btnNext.png]
[demo.templatepath.com/wedding_new/wedding-html/jasmine/version-2/images/prettyPhoto/dark_rounded/btnPrevious.png]
[demo.templatepath.com/wedding_new/wedding-html/jasmine/version-2/images/prettyPhoto/dark_rounded/loader.gif]
[demo.templatepath.com/wedding_new/wedding-html/jasmine/version-2/images/prettyPhoto/dark_square/loader.gif]
[demo.templatepath.com/wedding_new/wedding-html/jasmine/version-2/images/prettyPhoto/dark_square/sprite.png]
[demo.templatepath.com/wedding_new/wedding-html/jasmine/version-2/images/prettyPhoto/dark_square/btnNext.png]
[demo.templatepath.com/wedding_new/wedding-html/jasmine/version-2/images/prettyPhoto/dark_square/btnPrevious.png]
[demo.templatepath.com/wedding_new/wedding-html/jasmine/version-2/images/prettyPhoto/light_square/sprite.png]
[demo.templatepath.com/wedding_new/wedding-html/jasmine/version-2/images/prettyPhoto/light_square/btnNext.png]
[demo.templatepath.com/wedding_new/wedding-html/jasmine/version-2/images/prettyPhoto/light_square/btnPrevious.png]
[demo.templatepath.com/wedding_new/wedding-html/jasmine/version-2/images/prettyPhoto/facebook/sprite.png]
[demo.templatepath.com/wedding_new/wedding-html/jasmine/version-2/images/prettyPhoto/facebook/contentPatternTop.png]
[demo.templatepath.com/wedding_new/wedding-html/jasmine/version-2/images/prettyPhoto/facebook/contentPatternLeft.png]
[demo.templatepath.com/wedding_new/wedding-html/jasmine/version-2/images/prettyPhoto/facebook/contentPatternRight.png]
[demo.templatepath.com/wedding_new/wedding-html/jasmine/version-2/images/prettyPhoto/facebook/loader.gif]
[demo.templatepath.com/wedding_new/wedding-html/jasmine/version-2/images/prettyPhoto/facebook/btnNext.png]
[demo.templatepath.com/wedding_new/wedding-html/jasmine/version-2/images/prettyPhoto/facebook/btnPrevious.png]
[demo.templatepath.com/wedding_new/wedding-html/jasmine/version-2/images/prettyPhoto/facebook/contentPatternBottom.png]
[demo.templatepath.com/wedding_new/wedding-html/jasmine/version-2/images/prettyPhoto/facebook/default_thumbnail.gif]
[demo.templatepath.com/wedding_new/wedding-html/jasmine/version-2/images/prettyPhoto/light_rounded/loader.gif]
[demo.templatepath.com/wedding_new/wedding-html/jasmine/version-2/css/prettyPhoto.css]
[demo.templatepath.com/wedding_new/wedding-html/jasmine/version-2/fonts/fontawesome-webfonte0a5.svg]
